  Identification des projets ├á restaurer...
C:\Users\chaie\OneDrive\Bureau\FIGL2\ProjetNet\ProjetNet.csproj : warning NU1903: Le package 'Microsoft.Build' 17.11.4 pr├®sente une vuln├®rabilit├® de gravit├® ├®lev├®(e) connue, https://github.com/advisories/GHSA-w3q9-fxm7-j8fq. [C:\Users\chaie\OneDrive\Bureau\FIGL2\ProjetNet\ProjetNet.slnx]
  Tous les projets sont ├á jour pour la restauration.
C:\Users\chaie\OneDrive\Bureau\FIGL2\ProjetNet\ProjetNet.csproj : warning NU1903: Le package 'Microsoft.Build' 17.11.4 pr├®sente une vuln├®rabilit├® de gravit├® ├®lev├®(e) connue, https://github.com/advisories/GHSA-w3q9-fxm7-j8fq.
C:\Program Files\dotnet\sdk\10.0.100\Microsoft.Common.CurrentVersion.targets(5381,5): warning MSB3026: Impossible de copier "C:\Users\chaie\OneDrive\Bureau\FIGL2\ProjetNet\obj\Debug\net10.0\apphost.exe" vers "bin\Debug\net10.0\ProjetNet.exe". Nouvelle tentative de l'op├®ration 1 dans 1000┬áms. The process cannot access the file 'C:\Users\chaie\OneDrive\Bureau\FIGL2\ProjetNet\bin\Debug\net10.0\ProjetNet.exe' because it is being used by another process. Le fichier est verrouill├® par┬á: "ProjetNet (14460), .NET Host (37072)" [C:\Users\chaie\OneDrive\Bureau\FIGL2\ProjetNet\ProjetNet.csproj]
C:\Program Files\dotnet\sdk\10.0.100\Microsoft.Common.CurrentVersion.targets(5381,5): warning MSB3026: Impossible de copier "C:\Users\chaie\OneDrive\Bureau\FIGL2\ProjetNet\obj\Debug\net10.0\apphost.exe" vers "bin\Debug\net10.0\ProjetNet.exe". Nouvelle tentative de l'op├®ration 2 dans 1000┬áms. The process cannot access the file 'C:\Users\chaie\OneDrive\Bureau\FIGL2\ProjetNet\bin\Debug\net10.0\ProjetNet.exe' because it is being used by another process. Le fichier est verrouill├® par┬á: "ProjetNet (14460)" [C:\Users\chaie\OneDrive\Bureau\FIGL2\ProjetNet\ProjetNet.csproj]
C:\Program Files\dotnet\sdk\10.0.100\Microsoft.Common.CurrentVersion.targets(5381,5): warning MSB3026: Impossible de copier "C:\Users\chaie\OneDrive\Bureau\FIGL2\ProjetNet\obj\Debug\net10.0\apphost.exe" vers "bin\Debug\net10.0\ProjetNet.exe". Nouvelle tentative de l'op├®ration 3 dans 1000┬áms. The process cannot access the file 'C:\Users\chaie\OneDrive\Bureau\FIGL2\ProjetNet\bin\Debug\net10.0\ProjetNet.exe' because it is being used by another process. Le fichier est verrouill├® par┬á: "ProjetNet (14460), .NET Host (37072)" [C:\Users\chaie\OneDrive\Bureau\FIGL2\ProjetNet\ProjetNet.csproj]
C:\Program Files\dotnet\sdk\10.0.100\Microsoft.Common.CurrentVersion.targets(5381,5): warning MSB3026: Impossible de copier "C:\Users\chaie\OneDrive\Bureau\FIGL2\ProjetNet\obj\Debug\net10.0\apphost.exe" vers "bin\Debug\net10.0\ProjetNet.exe". Nouvelle tentative de l'op├®ration 4 dans 1000┬áms. The process cannot access the file 'C:\Users\chaie\OneDrive\Bureau\FIGL2\ProjetNet\bin\Debug\net10.0\ProjetNet.exe' because it is being used by another process. Le fichier est verrouill├® par┬á: "ProjetNet (14460), .NET Host (37072)" [C:\Users\chaie\OneDrive\Bureau\FIGL2\ProjetNet\ProjetNet.csproj]
C:\Program Files\dotnet\sdk\10.0.100\Microsoft.Common.CurrentVersion.targets(5381,5): warning MSB3026: Impossible de copier "C:\Users\chaie\OneDrive\Bureau\FIGL2\ProjetNet\obj\Debug\net10.0\apphost.exe" vers "bin\Debug\net10.0\ProjetNet.exe". Nouvelle tentative de l'op├®ration 5 dans 1000┬áms. The process cannot access the file 'C:\Users\chaie\OneDrive\Bureau\FIGL2\ProjetNet\bin\Debug\net10.0\ProjetNet.exe' because it is being used by another process. Le fichier est verrouill├® par┬á: "ProjetNet (14460), .NET Host (37072)" [C:\Users\chaie\OneDrive\Bureau\FIGL2\ProjetNet\ProjetNet.csproj]
C:\Program Files\dotnet\sdk\10.0.100\Microsoft.Common.CurrentVersion.targets(5381,5): warning MSB3026: Impossible de copier "C:\Users\chaie\OneDrive\Bureau\FIGL2\ProjetNet\obj\Debug\net10.0\apphost.exe" vers "bin\Debug\net10.0\ProjetNet.exe". Nouvelle tentative de l'op├®ration 6 dans 1000┬áms. The process cannot access the file 'C:\Users\chaie\OneDrive\Bureau\FIGL2\ProjetNet\bin\Debug\net10.0\ProjetNet.exe' because it is being used by another process. Le fichier est verrouill├® par┬á: "ProjetNet (14460), .NET Host (37072)" [C:\Users\chaie\OneDrive\Bureau\FIGL2\ProjetNet\ProjetNet.csproj]
C:\Program Files\dotnet\sdk\10.0.100\Microsoft.Common.CurrentVersion.targets(5381,5): warning MSB3026: Impossible de copier "C:\Users\chaie\OneDrive\Bureau\FIGL2\ProjetNet\obj\Debug\net10.0\apphost.exe" vers "bin\Debug\net10.0\ProjetNet.exe". Nouvelle tentative de l'op├®ration 7 dans 1000┬áms. The process cannot access the file 'C:\Users\chaie\OneDrive\Bureau\FIGL2\ProjetNet\bin\Debug\net10.0\ProjetNet.exe' because it is being used by another process. Le fichier est verrouill├® par┬á: "ProjetNet (14460), .NET Host (37072)" [C:\Users\chaie\OneDrive\Bureau\FIGL2\ProjetNet\ProjetNet.csproj]
C:\Program Files\dotnet\sdk\10.0.100\Microsoft.Common.CurrentVersion.targets(5381,5): warning MSB3026: Impossible de copier "C:\Users\chaie\OneDrive\Bureau\FIGL2\ProjetNet\obj\Debug\net10.0\apphost.exe" vers "bin\Debug\net10.0\ProjetNet.exe". Nouvelle tentative de l'op├®ration 8 dans 1000┬áms. The process cannot access the file 'C:\Users\chaie\OneDrive\Bureau\FIGL2\ProjetNet\bin\Debug\net10.0\ProjetNet.exe' because it is being used by another process. Le fichier est verrouill├® par┬á: "ProjetNet (14460), .NET Host (37072)" [C:\Users\chaie\OneDrive\Bureau\FIGL2\ProjetNet\ProjetNet.csproj]
C:\Program Files\dotnet\sdk\10.0.100\Microsoft.Common.CurrentVersion.targets(5381,5): warning MSB3026: Impossible de copier "C:\Users\chaie\OneDrive\Bureau\FIGL2\ProjetNet\obj\Debug\net10.0\apphost.exe" vers "bin\Debug\net10.0\ProjetNet.exe". Nouvelle tentative de l'op├®ration 9 dans 1000┬áms. The process cannot access the file 'C:\Users\chaie\OneDrive\Bureau\FIGL2\ProjetNet\bin\Debug\net10.0\ProjetNet.exe' because it is being used by another process. Le fichier est verrouill├® par┬á: "ProjetNet (14460), .NET Host (37072)" [C:\Users\chaie\OneDrive\Bureau\FIGL2\ProjetNet\ProjetNet.csproj]
C:\Program Files\dotnet\sdk\10.0.100\Microsoft.Common.CurrentVersion.targets(5381,5): warning MSB3026: Impossible de copier "C:\Users\chaie\OneDrive\Bureau\FIGL2\ProjetNet\obj\Debug\net10.0\apphost.exe" vers "bin\Debug\net10.0\ProjetNet.exe". Nouvelle tentative de l'op├®ration 10 dans 1000┬áms. The process cannot access the file 'C:\Users\chaie\OneDrive\Bureau\FIGL2\ProjetNet\bin\Debug\net10.0\ProjetNet.exe' because it is being used by another process. Le fichier est verrouill├® par┬á: "ProjetNet (14460), .NET Host (37072)" [C:\Users\chaie\OneDrive\Bureau\FIGL2\ProjetNet\ProjetNet.csproj]
C:\Program Files\dotnet\sdk\10.0.100\Microsoft.Common.CurrentVersion.targets(5381,5): error MSB3027: Impossible de copier "C:\Users\chaie\OneDrive\Bureau\FIGL2\ProjetNet\obj\Debug\net10.0\apphost.exe" vers "bin\Debug\net10.0\ProjetNet.exe". D├®passement du nombre maximal de nouvelles tentatives de 10. ├ëchec. Le fichier est verrouill├® par┬á: "ProjetNet (14460), .NET Host (37072)" [C:\Users\chaie\OneDrive\Bureau\FIGL2\ProjetNet\ProjetNet.csproj]
C:\Program Files\dotnet\sdk\10.0.100\Microsoft.Common.CurrentVersion.targets(5381,5): error MSB3021: Impossible de copier le fichier "C:\Users\chaie\OneDrive\Bureau\FIGL2\ProjetNet\obj\Debug\net10.0\apphost.exe" vers "bin\Debug\net10.0\ProjetNet.exe". The process cannot access the file 'C:\Users\chaie\OneDrive\Bureau\FIGL2\ProjetNet\bin\Debug\net10.0\ProjetNet.exe' because it is being used by another process. [C:\Users\chaie\OneDrive\Bureau\FIGL2\ProjetNet\ProjetNet.csproj]

├ëCHEC de la build.

C:\Users\chaie\OneDrive\Bureau\FIGL2\ProjetNet\ProjetNet.csproj : warning NU1903: Le package 'Microsoft.Build' 17.11.4 pr├®sente une vuln├®rabilit├® de gravit├® ├®lev├®(e) connue, https://github.com/advisories/GHSA-w3q9-fxm7-j8fq. [C:\Users\chaie\OneDrive\Bureau\FIGL2\ProjetNet\ProjetNet.slnx]
C:\Users\chaie\OneDrive\Bureau\FIGL2\ProjetNet\ProjetNet.csproj : warning NU1903: Le package 'Microsoft.Build' 17.11.4 pr├®sente une vuln├®rabilit├® de gravit├® ├®lev├®(e) connue, https://github.com/advisories/GHSA-w3q9-fxm7-j8fq.
C:\Program Files\dotnet\sdk\10.0.100\Microsoft.Common.CurrentVersion.targets(5381,5): warning MSB3026: Impossible de copier "C:\Users\chaie\OneDrive\Bureau\FIGL2\ProjetNet\obj\Debug\net10.0\apphost.exe" vers "bin\Debug\net10.0\ProjetNet.exe". Nouvelle tentative de l'op├®ration 1 dans 1000┬áms. The process cannot access the file 'C:\Users\chaie\OneDrive\Bureau\FIGL2\ProjetNet\bin\Debug\net10.0\ProjetNet.exe' because it is being used by another process. Le fichier est verrouill├® par┬á: "ProjetNet (14460), .NET Host (37072)" [C:\Users\chaie\OneDrive\Bureau\FIGL2\ProjetNet\ProjetNet.csproj]
C:\Program Files\dotnet\sdk\10.0.100\Microsoft.Common.CurrentVersion.targets(5381,5): warning MSB3026: Impossible de copier "C:\Users\chaie\OneDrive\Bureau\FIGL2\ProjetNet\obj\Debug\net10.0\apphost.exe" vers "bin\Debug\net10.0\ProjetNet.exe". Nouvelle tentative de l'op├®ration 2 dans 1000┬áms. The process cannot access the file 'C:\Users\chaie\OneDrive\Bureau\FIGL2\ProjetNet\bin\Debug\net10.0\ProjetNet.exe' because it is being used by another process. Le fichier est verrouill├® par┬á: "ProjetNet (14460)" [C:\Users\chaie\OneDrive\Bureau\FIGL2\ProjetNet\ProjetNet.csproj]
C:\Program Files\dotnet\sdk\10.0.100\Microsoft.Common.CurrentVersion.targets(5381,5): warning MSB3026: Impossible de copier "C:\Users\chaie\OneDrive\Bureau\FIGL2\ProjetNet\obj\Debug\net10.0\apphost.exe" vers "bin\Debug\net10.0\ProjetNet.exe". Nouvelle tentative de l'op├®ration 3 dans 1000┬áms. The process cannot access the file 'C:\Users\chaie\OneDrive\Bureau\FIGL2\ProjetNet\bin\Debug\net10.0\ProjetNet.exe' because it is being used by another process. Le fichier est verrouill├® par┬á: "ProjetNet (14460), .NET Host (37072)" [C:\Users\chaie\OneDrive\Bureau\FIGL2\ProjetNet\ProjetNet.csproj]
C:\Program Files\dotnet\sdk\10.0.100\Microsoft.Common.CurrentVersion.targets(5381,5): warning MSB3026: Impossible de copier "C:\Users\chaie\OneDrive\Bureau\FIGL2\ProjetNet\obj\Debug\net10.0\apphost.exe" vers "bin\Debug\net10.0\ProjetNet.exe". Nouvelle tentative de l'op├®ration 4 dans 1000┬áms. The process cannot access the file 'C:\Users\chaie\OneDrive\Bureau\FIGL2\ProjetNet\bin\Debug\net10.0\ProjetNet.exe' because it is being used by another process. Le fichier est verrouill├® par┬á: "ProjetNet (14460), .NET Host (37072)" [C:\Users\chaie\OneDrive\Bureau\FIGL2\ProjetNet\ProjetNet.csproj]
C:\Program Files\dotnet\sdk\10.0.100\Microsoft.Common.CurrentVersion.targets(5381,5): warning MSB3026: Impossible de copier "C:\Users\chaie\OneDrive\Bureau\FIGL2\ProjetNet\obj\Debug\net10.0\apphost.exe" vers "bin\Debug\net10.0\ProjetNet.exe". Nouvelle tentative de l'op├®ration 5 dans 1000┬áms. The process cannot access the file 'C:\Users\chaie\OneDrive\Bureau\FIGL2\ProjetNet\bin\Debug\net10.0\ProjetNet.exe' because it is being used by another process. Le fichier est verrouill├® par┬á: "ProjetNet (14460), .NET Host (37072)" [C:\Users\chaie\OneDrive\Bureau\FIGL2\ProjetNet\ProjetNet.csproj]
C:\Program Files\dotnet\sdk\10.0.100\Microsoft.Common.CurrentVersion.targets(5381,5): warning MSB3026: Impossible de copier "C:\Users\chaie\OneDrive\Bureau\FIGL2\ProjetNet\obj\Debug\net10.0\apphost.exe" vers "bin\Debug\net10.0\ProjetNet.exe". Nouvelle tentative de l'op├®ration 6 dans 1000┬áms. The process cannot access the file 'C:\Users\chaie\OneDrive\Bureau\FIGL2\ProjetNet\bin\Debug\net10.0\ProjetNet.exe' because it is being used by another process. Le fichier est verrouill├® par┬á: "ProjetNet (14460), .NET Host (37072)" [C:\Users\chaie\OneDrive\Bureau\FIGL2\ProjetNet\ProjetNet.csproj]
C:\Program Files\dotnet\sdk\10.0.100\Microsoft.Common.CurrentVersion.targets(5381,5): warning MSB3026: Impossible de copier "C:\Users\chaie\OneDrive\Bureau\FIGL2\ProjetNet\obj\Debug\net10.0\apphost.exe" vers "bin\Debug\net10.0\ProjetNet.exe". Nouvelle tentative de l'op├®ration 7 dans 1000┬áms. The process cannot access the file 'C:\Users\chaie\OneDrive\Bureau\FIGL2\ProjetNet\bin\Debug\net10.0\ProjetNet.exe' because it is being used by another process. Le fichier est verrouill├® par┬á: "ProjetNet (14460), .NET Host (37072)" [C:\Users\chaie\OneDrive\Bureau\FIGL2\ProjetNet\ProjetNet.csproj]
C:\Program Files\dotnet\sdk\10.0.100\Microsoft.Common.CurrentVersion.targets(5381,5): warning MSB3026: Impossible de copier "C:\Users\chaie\OneDrive\Bureau\FIGL2\ProjetNet\obj\Debug\net10.0\apphost.exe" vers "bin\Debug\net10.0\ProjetNet.exe". Nouvelle tentative de l'op├®ration 8 dans 1000┬áms. The process cannot access the file 'C:\Users\chaie\OneDrive\Bureau\FIGL2\ProjetNet\bin\Debug\net10.0\ProjetNet.exe' because it is being used by another process. Le fichier est verrouill├® par┬á: "ProjetNet (14460), .NET Host (37072)" [C:\Users\chaie\OneDrive\Bureau\FIGL2\ProjetNet\ProjetNet.csproj]
C:\Program Files\dotnet\sdk\10.0.100\Microsoft.Common.CurrentVersion.targets(5381,5): warning MSB3026: Impossible de copier "C:\Users\chaie\OneDrive\Bureau\FIGL2\ProjetNet\obj\Debug\net10.0\apphost.exe" vers "bin\Debug\net10.0\ProjetNet.exe". Nouvelle tentative de l'op├®ration 9 dans 1000┬áms. The process cannot access the file 'C:\Users\chaie\OneDrive\Bureau\FIGL2\ProjetNet\bin\Debug\net10.0\ProjetNet.exe' because it is being used by another process. Le fichier est verrouill├® par┬á: "ProjetNet (14460), .NET Host (37072)" [C:\Users\chaie\OneDrive\Bureau\FIGL2\ProjetNet\ProjetNet.csproj]
C:\Program Files\dotnet\sdk\10.0.100\Microsoft.Common.CurrentVersion.targets(5381,5): warning MSB3026: Impossible de copier "C:\Users\chaie\OneDrive\Bureau\FIGL2\ProjetNet\obj\Debug\net10.0\apphost.exe" vers "bin\Debug\net10.0\ProjetNet.exe". Nouvelle tentative de l'op├®ration 10 dans 1000┬áms. The process cannot access the file 'C:\Users\chaie\OneDrive\Bureau\FIGL2\ProjetNet\bin\Debug\net10.0\ProjetNet.exe' because it is being used by another process. Le fichier est verrouill├® par┬á: "ProjetNet (14460), .NET Host (37072)" [C:\Users\chaie\OneDrive\Bureau\FIGL2\ProjetNet\ProjetNet.csproj]
C:\Program Files\dotnet\sdk\10.0.100\Microsoft.Common.CurrentVersion.targets(5381,5): error MSB3027: Impossible de copier "C:\Users\chaie\OneDrive\Bureau\FIGL2\ProjetNet\obj\Debug\net10.0\apphost.exe" vers "bin\Debug\net10.0\ProjetNet.exe". D├®passement du nombre maximal de nouvelles tentatives de 10. ├ëchec. Le fichier est verrouill├® par┬á: "ProjetNet (14460), .NET Host (37072)" [C:\Users\chaie\OneDrive\Bureau\FIGL2\ProjetNet\ProjetNet.csproj]
C:\Program Files\dotnet\sdk\10.0.100\Microsoft.Common.CurrentVersion.targets(5381,5): error MSB3021: Impossible de copier le fichier "C:\Users\chaie\OneDrive\Bureau\FIGL2\ProjetNet\obj\Debug\net10.0\apphost.exe" vers "bin\Debug\net10.0\ProjetNet.exe". The process cannot access the file 'C:\Users\chaie\OneDrive\Bureau\FIGL2\ProjetNet\bin\Debug\net10.0\ProjetNet.exe' because it is being used by another process. [C:\Users\chaie\OneDrive\Bureau\FIGL2\ProjetNet\ProjetNet.csproj]
    12 Avertissement(s)
    2 Erreur(s)

Temps ├®coul├® 00:00:13.11
